// Jest Snapshot v1, https://goo.gl/fbAQLP

exports[`pilot phrase resolver snapshot keeps archetype resolution stable for pilot phrases 1`] = `
[
  {
    "archetype": "networking_mixer",
    "match_strength": "exact",
    "matched_alias": "happy hour",
    "phrase": "happy hour",
  },
  {
    "archetype": "networking_mixer",
    "match_strength": "exact",
    "matched_alias": "founder happy hour",
    "phrase": "founder happy hour",
  },
  {
    "archetype": "networking_mixer",
    "match_strength": "exact",
    "matched_alias": "startup mixer",
    "phrase": "startup mixer",
  },
  {
    "archetype": "networking_mixer",
    "match_strength": "exact",
    "matched_alias": "tech meetup",
    "phrase": "tech meetup",
  },
  {
    "archetype": "networking_mixer",
    "match_strength": "exact",
    "matched_alias": "ai meetup",
    "phrase": "ai meetup",
  },
  {
    "archetype": "networking_mixer",
    "match_strength": "exact",
    "matched_alias": "design meetup",
    "phrase": "design meetup",
  },
  {
    "archetype": "networking_mixer",
    "match_strength": "exact",
    "matched_alias": "women in tech mixer",
    "phrase": "women in tech mixer",
  },
  {
    "archetype": "networking_mixer",
    "match_strength": "exact",
    "matched_alias": "creator meetup",
    "phrase": "creator meetup",
  },
  {
    "archetype": "networking_mixer",
    "match_strength": "exact",
    "matched_alias": "investor mixer",
    "phrase": "investor mixer",
  },
  {
    "archetype": "networking_mixer",
    "match_strength": "exact",
    "matched_alias": "founder breakfast",
    "phrase": "founder breakfast",
  },
  {
    "archetype": "networking_mixer",
    "match_strength": "exact",
    "matched_alias": "creative mixer",
    "phrase": "creative mixer",
  },
  {
    "archetype": "founder_operator_dinner",
    "match_strength": "exact",
    "matched_alias": "founder dinner",
    "phrase": "founder dinner",
  },
  {
    "archetype": "founder_operator_dinner",
    "match_strength": "exact",
    "matched_alias": "operator dinner",
    "phrase": "operator dinner",
  },
  {
    "archetype": "founder_operator_dinner",
    "match_strength": "exact",
    "matched_alias": "supper club",
    "phrase": "supper club",
  },
  {
    "archetype": "founder_operator_dinner",
    "match_strength": "exact",
    "matched_alias": "chef's table",
    "phrase": "chef's table",
  },
  {
    "archetype": "founder_operator_dinner",
    "match_strength": "exact",
    "matched_alias": "pop-up dinner",
    "phrase": "pop-up dinner",
  },
  {
    "archetype": "founder_operator_dinner",
    "match_strength": "exact",
    "matched_alias": "tasting dinner",
    "phrase": "tasting dinner",
  },
  {
    "archetype": "founder_operator_dinner",
    "match_strength": "exact",
    "matched_alias": "wine dinner",
    "phrase": "wine dinner",
  },
  {
    "archetype": "private_dinner_celebration",
    "match_strength": "exact",
    "matched_alias": "private dinner",
    "phrase": "private dinner",
  },
  {
    "archetype": "day_party_brunch_party",
    "match_strength": "exact",
    "matched_alias": "brunch",
    "phrase": "brunch",
  },
  {
    "archetype": "day_party_brunch_party",
    "match_strength": "exact",
    "matched_alias": "brunch party",
    "phrase": "brunch party",
  },
  {
    "archetype": "day_party_brunch_party",
    "match_strength": "exact",
    "matched_alias": "day party",
    "phrase": "day party",
  },
  {
    "archetype": "day_party_brunch_party",
    "match_strength": "exact",
    "matched_alias": "rooftop day party",
    "phrase": "rooftop day party",
  },
  {
    "archetype": "day_party_brunch_party",
    "match_strength": "exact",
    "matched_alias": "patio party",
    "phrase": "patio party",
  },
  {
    "archetype": "day_party_brunch_party",
    "match_strength": "exact",
    "matched_alias": "pool party",
    "phrase": "pool party",
  },
  {
    "archetype": "day_party_brunch_party",
    "match_strength": "exact",
    "matched_alias": "sunday funday",
    "phrase": "sunday funday",
  },
  {
    "archetype": "day_party_brunch_party",
    "match_strength": "exact",
    "matched_alias": "daytime social",
    "phrase": "daytime social",
  },
  {
    "archetype": "day_party_brunch_party",
    "match_strength": "exact",
    "matched_alias": "picnic social",
    "phrase": "picnic social",
  },
  {
    "archetype": "day_party_brunch_party",
    "match_strength": "exact",
    "matched_alias": "bbq party",
    "phrase": "bbq party",
  },
  {
    "archetype": "nightlife_club_night",
    "match_strength": "exact",
    "matched_alias": "club night",
    "phrase": "club night",
  },
  {
    "archetype": "nightlife_club_night",
    "match_strength": "exact",
    "matched_alias": "dj party",
    "phrase": "dj party",
  },
  {
    "archetype": "nightlife_club_night",
    "match_strength": "exact",
    "matched_alias": "dance party",
    "phrase": "dance party",
  },
  {
    "archetype": "nightlife_club_night",
    "match_strength": "exact",
    "matched_alias": "warehouse party",
    "phrase": "warehouse party",
  },
  {
    "archetype": "nightlife_club_night",
    "match_strength": "exact",
    "matched_alias": "afterparty",
    "phrase": "afterparty",
  },
  {
    "archetype": "listening_party_showcase",
    "match_strength": "exact",
    "matched_alias": "listening party",
    "phrase": "listening party",
  },
  {
    "archetype": "listening_party_showcase",
    "match_strength": "exact",
    "matched_alias": "album release party",
    "phrase": "album release party",
  },
  {
    "archetype": "listening_party_showcase",
    "match_strength": "exact",
    "matched_alias": "live music night",
    "phrase": "live music night",
  },
  {
    "archetype": "listening_party_showcase",
    "match_strength": "exact",
    "matched_alias": "open mic",
    "phrase": "open mic",
  },
  {
    "archetype": "listening_party_showcase",
    "match_strength": "exact",
    "matched_alias": "karaoke night",
    "phrase": "karaoke night",
  },
  {
    "archetype": "listening_party_showcase",
    "match_strength": "exact",
    "matched_alias": "comedy show",
    "phrase": "comedy show",
  },
  {
    "archetype": "listening_party_showcase",
    "match_strength": "exact",
    "matched_alias": "poetry night",
    "phrase": "poetry night",
  },
  {
    "archetype": "listening_party_showcase",
    "match_strength": "exact",
    "matched_alias": "film screening",
    "phrase": "film screening",
  },
  {
    "archetype": "watch_party_screening",
    "match_strength": "exact",
    "matched_alias": "watch party",
    "phrase": "watch party",
  },
  {
    "archetype": "watch_party_screening",
    "match_strength": "exact",
    "matched_alias": "game day party",
    "phrase": "game day party",
  },
  {
    "archetype": "watch_party_screening",
    "match_strength": "exact",
    "matched_alias": "tournament viewing party",
    "phrase": "tournament viewing party",
  },
  {
    "archetype": "game_sports_outing",
    "match_strength": "exact",
    "matched_alias": "tennis event",
    "phrase": "tennis event",
  },
  {
    "archetype": "game_sports_outing",
    "match_strength": "exact",
    "matched_alias": "pickleball event",
    "phrase": "pickleball event",
  },
  {
    "archetype": "game_sports_outing",
    "match_strength": "exact",
    "matched_alias": "basketball run",
    "phrase": "basketball run",
  },
  {
    "archetype": "game_sports_outing",
    "match_strength": "exact",
    "matched_alias": "bowling night",
    "phrase": "bowling night",
  },
  {
    "archetype": "game_sports_outing",
    "match_strength": "exact",
    "matched_alias": "driving range meetup",
    "phrase": "driving range meetup",
  },
  {
    "archetype": "game_sports_outing",
    "match_strength": "exact",
    "matched_alias": "indoor golf night",
    "phrase": "indoor golf night",
  },
  {
    "archetype": "demo_day_pitch_night",
    "match_strength": "exact",
    "matched_alias": "demo day",
    "phrase": "demo day",
  },
  {
    "archetype": "demo_day_pitch_night",
    "match_strength": "exact",
    "matched_alias": "pitch night",
    "phrase": "pitch night",
  },
  {
    "archetype": "demo_day_pitch_night",
    "match_strength": "exact",
    "matched_alias": "startup showcase",
    "phrase": "startup showcase",
  },
  {
    "archetype": "panel_fireside",
    "match_strength": "exact",
    "matched_alias": "panel discussion",
    "phrase": "panel discussion",
  },
  {
    "archetype": "panel_fireside",
    "match_strength": "exact",
    "matched_alias": "fireside chat",
    "phrase": "fireside chat",
  },
  {
    "archetype": "panel_fireside",
    "match_strength": "exact",
    "matched_alias": "speaker event",
    "phrase": "speaker event",
  },
  {
    "archetype": "panel_fireside",
    "match_strength": "exact",
    "matched_alias": "book talk",
    "phrase": "book talk",
  },
  {
    "archetype": "workshop_class",
    "match_strength": "exact",
    "matched_alias": "workshop",
    "phrase": "workshop",
  },
  {
    "archetype": "workshop_class",
    "match_strength": "exact",
    "matched_alias": "masterclass",
    "phrase": "masterclass",
  },
  {
    "archetype": "workshop_class",
    "match_strength": "exact",
    "matched_alias": "creator workshop",
    "phrase": "creator workshop",
  },
  {
    "archetype": "workshop_class",
    "match_strength": "exact",
    "matched_alias": "marketing workshop",
    "phrase": "marketing workshop",
  },
  {
    "archetype": "workshop_class",
    "match_strength": "exact",
    "matched_alias": "finance workshop",
    "phrase": "finance workshop",
  },
  {
    "archetype": "hackathon",
    "match_strength": "exact",
    "matched_alias": "Hackathon",
    "phrase": "hackathon",
  },
  {
    "archetype": "hackathon",
    "match_strength": "exact",
    "matched_alias": "build night",
    "phrase": "build night",
  },
  {
    "archetype": "fitness_wellness_run_club",
    "match_strength": "exact",
    "matched_alias": "run club",
    "phrase": "run club",
  },
  {
    "archetype": "fitness_wellness_run_club",
    "match_strength": "exact",
    "matched_alias": "walk club",
    "phrase": "walk club",
  },
  {
    "archetype": "fitness_wellness_run_club",
    "match_strength": "exact",
    "matched_alias": "pilates class",
    "phrase": "pilates class",
  },
  {
    "archetype": "fitness_wellness_run_club",
    "match_strength": "exact",
    "matched_alias": "yoga class",
    "phrase": "yoga class",
  },
  {
    "archetype": "fitness_wellness_run_club",
    "match_strength": "exact",
    "matched_alias": "breathwork session",
    "phrase": "breathwork session",
  },
  {
    "archetype": "fitness_wellness_run_club",
    "match_strength": "exact",
    "matched_alias": "meditation meetup",
    "phrase": "meditation meetup",
  },
  {
    "archetype": "fitness_wellness_run_club",
    "match_strength": "exact",
    "matched_alias": "wellness brunch",
    "phrase": "wellness brunch",
  },
  {
    "archetype": "fitness_wellness_run_club",
    "match_strength": "exact",
    "matched_alias": "fitness bootcamp",
    "phrase": "fitness bootcamp",
  },
  {
    "archetype": "fitness_wellness_run_club",
    "match_strength": "exact",
    "matched_alias": "cold plunge meetup",
    "phrase": "cold plunge meetup",
  },
  {
    "archetype": "fitness_wellness_run_club",
    "match_strength": "exact",
    "matched_alias": "hiking meetup",
    "phrase": "hiking meetup",
  },
  {
    "archetype": "community_meetup",
    "match_strength": "exact",
    "matched_alias": "Community meetup",
    "phrase": "community meetup",
  },
  {
    "archetype": "private_dinner_celebration",
    "match_strength": "exact",
    "matched_alias": "dinner party",
    "phrase": "dinner party",
  },
  {
    "archetype": "private_dinner_celebration",
    "match_strength": "exact",
    "matched_alias": "game night",
    "phrase": "game night",
  },
  {
    "archetype": "private_dinner_celebration",
    "match_strength": "exact",
    "matched_alias": "singles mixer",
    "phrase": "singles mixer",
  },
  {
    "archetype": "private_dinner_celebration",
    "match_strength": "exact",
    "matched_alias": "speed dating",
    "phrase": "speed dating",
  },
  {
    "archetype": "pop_up_activation",
    "match_strength": "exact",
    "matched_alias": "pop up shop",
    "phrase": "pop-up shop",
  },
  {
    "archetype": "pop_up_activation",
    "match_strength": "exact",
    "matched_alias": "brand activation",
    "phrase": "brand activation",
  },
  {
    "archetype": "fundraiser_gala",
    "match_strength": "exact",
    "matched_alias": "community fundraiser",
    "phrase": "community fundraiser",
  },
  {
    "archetype": "pop_up_activation",
    "match_strength": "exact",
    "matched_alias": "art show",
    "phrase": "art show",
  },
  {
    "archetype": "pop_up_activation",
    "match_strength": "exact",
    "matched_alias": "gallery night",
    "phrase": "gallery night",
  },
  {
    "archetype": "pop_up_activation",
    "match_strength": "exact",
    "matched_alias": "cultural night",
    "phrase": "cultural night",
  },
]
`;
